core_cm7.h:2229:22:SCB_EnableICache	4	static,ignoring_inline_asm
core_cm7.h:2265:22:SCB_InvalidateICache	4	static,ignoring_inline_asm
core_cm7.h:2281:22:SCB_EnableDCache	24	static,ignoring_inline_asm
core_cm7.h:2357:22:SCB_InvalidateDCache	24	static,ignoring_inline_asm
main.c:167:5:main	72	static
main.c:288:6:SystemClock_Config	216	static
main.c:371:13:MX_ADC3_Init	24	static
main.c:421:13:MX_CRC_Init	8	static
main.c:452:13:MX_DCMI_Init	8	static
main.c:489:13:MX_DMA2D_Init	8	static
main.c:526:13:MX_I2C1_Init	8	static
main.c:580:13:MX_I2C3_Init	8	static
main.c:635:13:MX_LTDC_Init	64	static
main.c:699:13:MX_QUADSPI_Init	8	static
main.c:744:13:MX_RTC_Init	80	static
main.c:836:13:MX_SAI2_Init	8	static
main.c:920:13:MX_SDMMC1_SD_Init	4	static
main.c:948:13:MX_SPDIFRX_Init	8	static
main.c:984:13:MX_TIM1_Init	112	static
main.c:1064:13:MX_TIM2_Init	64	static
main.c:1123:13:MX_TIM3_Init	64	static
main.c:1182:13:MX_TIM5_Init	64	static
main.c:1241:13:MX_TIM8_Init	40	static
main.c:1288:13:MX_TIM12_Init	40	static
main.c:1330:13:MX_USART1_UART_Init	8	static
main.c:1365:13:MX_USART6_UART_Init	8	static
main.c:1400:13:MX_DMA_Init	16	static
main.c:1442:13:MX_FMC_Init	40	static
main.c:1495:13:MX_GPIO_Init	72	static
main.c:1693:6:Error	16	static
main.c:1709:6:StartDefaultTask	40	static
main.c:1742:6:startUITask	16	static
main.c:1773:6:HAL_TIM_PeriodElapsedCallback	16	static
main.c:1790:6:Error_Handler	8	static
